12:22:07 **** Incremental Build of configuration Debug for project uart_tx ****
make -j8 all 
arm-none-eabi-gcc "../Src/main.c" -mcpu=cortex-m4 -std=gnu11 -g3 -DDEBUG -DSTM32 -DSTM32F401RETx -DSTM32F4 -DSTM32F401xE -c -I../Inc -I"C:/Users/21624/Desktop/projet ADXL/CMSIS/Device/ST/STM32F4xx/Include" -I"C:/Users/21624/Desktop/projet ADXL/CMSIS/Core/Include" -I"C:/Users/21624/Desktop/projet ADXL/CMSIS/Include" -O0 -ffunction-sections -fdata-sections -Wall -fstack-usage -MMD -MP -MF"Src/main.d" -MT"Src/main.o" --specs=nano.specs -mfpu=fpv4-sp-d16 -mfloat-abi=hard -mthumb -o "Src/main.o"
arm-none-eabi-gcc -o "uart_tx.elf" @"objects.list"   -mcpu=cortex-m4 -T"C:\Users\21624\Desktop\projet ADXL\uart_tx\STM32F401RETX_FLASH.ld" --specs=nosys.specs -Wl,-Map="uart_tx.map" -Wl,--gc-sections -static --specs=nano.specs -mfpu=fpv4-sp-d16 -mfloat-abi=hard -mthumb -Wl,--start-group -lc -lm -Wl,--end-group
Finished building target: uart_tx.elf
 
arm-none-eabi-size   uart_tx.elf 
arm-none-eabi-objdump -h -S  uart_tx.elf  > "uart_tx.list"
   text	   data	    bss	    dec	    hex	filename
    940	      8	   1568	   2516	    9d4	uart_tx.elf
Finished building: default.size.stdout
 
Finished building: uart_tx.list
 
12:22:12 **** Incremental Build of configuration Debug for project uart_tx ****
make -j8 all 
arm-none-eabi-size   uart_tx.elf 
   text	   data	    bss	    dec	    hex	filename
    940	      8	   1568	   2516	    9d4	uart_tx.elf
Finished building: default.size.stdout
 
